\BOOKMARK [0][-]{toc.0}{\376\377\000C\000o\000n\000t\000e\000n\000t\000s}{}% 1
\BOOKMARK [1][-]{Doc-Start}{\376\377\000C\000h\000a\000p\000t\000e\000r\000\040\0001\000\040\040\024\000\040\000I\000n\000t\000r\000o\000d\000u\000c\000t\000i\000o\000n}{toc.0}% 2
\BOOKMARK [2][-]{figure.caption.1}{\376\377\0001\000.\0001\000\040\000M\000o\000t\000i\000v\000a\000t\000i\000o\000n\000\040\000a\000n\000d\000\040\000b\000a\000c\000k\000g\000r\000o\000u\000n\000d}{Doc-Start}% 3
\BOOKMARK [2][-]{figure.caption.1}{\376\377\0001\000.\0002\000\040\000P\000r\000o\000b\000l\000e\000m\000\040\000s\000t\000a\000t\000e\000m\000e\000n\000t}{Doc-Start}% 4
\BOOKMARK [2][-]{figure.caption.1}{\376\377\0001\000.\0003\000\040\000R\000e\000s\000e\000a\000r\000c\000h\000\040\000q\000u\000e\000s\000t\000i\000o\000n}{Doc-Start}% 5
\BOOKMARK [2][-]{figure.caption.1}{\376\377\0001\000.\0004\000\040\000A\000i\000m\000s\000\040\000a\000n\000d\000\040\000o\000b\000j\000e\000c\000t\000i\000v\000e\000s}{Doc-Start}% 6
\BOOKMARK [2][-]{Item.5}{\376\377\0001\000.\0005\000\040\000C\000o\000n\000t\000r\000i\000b\000u\000t\000i\000o\000n\000s}{Doc-Start}% 7
\BOOKMARK [2][-]{Item.5}{\376\377\0001\000.\0006\000\040\000S\000c\000o\000p\000e\000\040\000a\000n\000d\000\040\000b\000o\000u\000n\000d\000a\000r\000i\000e\000s}{Doc-Start}% 8
\BOOKMARK [2][-]{Item.5}{\376\377\0001\000.\0007\000\040\000D\000i\000s\000s\000e\000r\000t\000a\000t\000i\000o\000n\000\040\000s\000t\000r\000u\000c\000t\000u\000r\000e}{Doc-Start}% 9
\BOOKMARK [1][-]{Item.5}{\376\377\000C\000h\000a\000p\000t\000e\000r\000\040\0002\000\040\040\024\000\040\000B\000a\000c\000k\000g\000r\000o\000u\000n\000d\000\040\000a\000n\000d\000\040\000R\000e\000l\000a\000t\000e\000d\000\040\000W\000o\000r\000k}{toc.0}% 10
\BOOKMARK [2][-]{section*.2}{\376\377\0002\000.\0001\000\040\000S\000t\000r\000u\000c\000t\000u\000r\000e\000\040\000i\000n\000\040\000s\000h\000o\000r\000t\000-\000f\000o\000r\000m\000\040\000v\000i\000d\000e\000o\000:\000\040\000a\000\040\000k\000e\000y\000f\000r\000a\000m\000i\000n\000g\000\040\000v\000i\000e\000w}{Item.5}% 11
\BOOKMARK [2][-]{section*.2}{\376\377\0002\000.\0002\000\040\000I\000d\000e\000n\000t\000i\000t\000y\000-\000p\000r\000e\000s\000e\000r\000v\000i\000n\000g\000\040\000i\000m\000a\000g\000e\000\040\000g\000e\000n\000e\000r\000a\000t\000i\000o\000n}{Item.5}% 12
\BOOKMARK [2][-]{section*.2}{\376\377\0002\000.\0003\000\040\000S\000t\000r\000u\000c\000t\000u\000r\000a\000l\000\040\000a\000n\000d\000\040\000p\000o\000s\000e\000\040\000c\000o\000n\000d\000i\000t\000i\000o\000n\000i\000n\000g}{Item.5}% 13
\BOOKMARK [2][-]{section*.2}{\376\377\0002\000.\0004\000\040\000I\000m\000a\000g\000e\000-\000t\000o\000-\000v\000i\000d\000e\000o\000\040\000a\000n\000d\000\040\000d\000r\000i\000v\000i\000n\000g\000-\000v\000i\000d\000e\000o\000\040\000a\000n\000i\000m\000a\000t\000i\000o\000n}{Item.5}% 14
\BOOKMARK [2][-]{section*.2}{\376\377\0002\000.\0005\000\040\000R\000e\000f\000e\000r\000e\000n\000c\000e\000-\000a\000n\000a\000l\000y\000s\000i\000s\000\040\000t\000o\000o\000l\000i\000n\000g}{Item.5}% 15
\BOOKMARK [2][-]{section*.2}{\376\377\0002\000.\0006\000\040\000A\000g\000e\000n\000t\000i\000c\000\040\000L\000L\000M\000\040\000w\000o\000r\000k\000f\000l\000o\000w\000s\000\040\000a\000n\000d\000\040\000e\000v\000a\000l\000u\000a\000t\000i\000o\000n\040\023\000r\000e\000p\000a\000i\000r\000\040\000l\000o\000o\000p\000s}{Item.5}% 16
\BOOKMARK [2][-]{table.caption.3}{\376\377\0002\000.\0007\000\040\000R\000e\000s\000e\000a\000r\000c\000h\000\040\000g\000a\000p}{Item.5}% 17
\BOOKMARK [1][-]{table.caption.3}{\376\377\000C\000h\000a\000p\000t\000e\000r\000\040\0003\000\040\040\024\000\040\000M\000e\000t\000h\000o\000d\000o\000l\000o\000g\000y\000\040\000a\000n\000d\000\040\000S\000y\000s\000t\000e\000m\000\040\000D\000e\000s\000i\000g\000n}{toc.0}% 18
\BOOKMARK [2][-]{section*.4}{\376\377\0003\000.\0001\000\040\000M\000o\000t\000i\000v\000a\000t\000i\000o\000n\000\040\000a\000n\000d\000\040\000d\000e\000s\000i\000g\000n\000\040\000r\000a\000t\000i\000o\000n\000a\000l\000e}{table.caption.3}% 19
\BOOKMARK [2][-]{table.caption.5}{\376\377\0003\000.\0002\000\040\000S\000y\000s\000t\000e\000m\000\040\000a\000r\000c\000h\000i\000t\000e\000c\000t\000u\000r\000e}{table.caption.3}% 20
\BOOKMARK [2][-]{figure.caption.6}{\376\377\0003\000.\0003\000\040\000S\000t\000a\000g\000e\000\040\0001\000\040\040\024\000\040\000R\000e\000f\000e\000r\000e\000n\000c\000e\000\040\000A\000n\000a\000l\000y\000s\000i\000s}{table.caption.3}% 21
\BOOKMARK [2][-]{figure.caption.8}{\376\377\0003\000.\0004\000\040\000S\000t\000a\000g\000e\000\040\0002\000\040\040\024\000\040\000T\000e\000m\000p\000l\000a\000t\000e\000\040\000B\000u\000i\000l\000d\000e\000r\000\040\000\050\000b\000e\000a\000t\000-\000a\000l\000i\000g\000n\000e\000d\000\040\000s\000t\000o\000r\000y\000b\000o\000a\000r\000d\000\051}{table.caption.3}% 22
\BOOKMARK [2][-]{figure.caption.9}{\376\377\0003\000.\0005\000\040\000S\000t\000a\000g\000e\000\040\0003\000\040\040\024\000\040\000I\000P\000-\000C\000o\000n\000d\000i\000t\000i\000o\000n\000e\000d\000\040\000G\000e\000n\000e\000r\000a\000t\000i\000o\000n}{table.caption.3}% 23
\BOOKMARK [2][-]{Item.11}{\376\377\0003\000.\0006\000\040\000S\000t\000a\000g\000e\000\040\0004\000\040\040\024\000\040\000E\000v\000a\000l\000u\000a\000t\000i\000o\000n\000\040\000a\000n\000d\000\040\000R\000e\000p\000a\000i\000r}{table.caption.3}% 24
\BOOKMARK [2][-]{figure.caption.16}{\376\377\0003\000.\0007\000\040\000C\000e\000n\000t\000r\000a\000l\000\040\000s\000t\000a\000t\000e\000\040\000f\000i\000l\000e\000\040\000a\000n\000d\000\040\000d\000e\000c\000i\000s\000i\000o\000n\000\040\000l\000o\000g}{table.caption.3}% 25
\BOOKMARK [2][-]{table.caption.17}{\376\377\0003\000.\0008\000\040\000C\000o\000p\000y\000r\000i\000g\000h\000t\000-\000a\000w\000a\000r\000e\000\040\000w\000o\000r\000k\000f\000l\000o\000w\000\040\000a\000n\000d\000\040\000M\000o\000d\000e\000\040\000B}{table.caption.3}% 26
\BOOKMARK [2][-]{figure.caption.18}{\376\377\0003\000.\0009\000\040\000I\000m\000p\000l\000e\000m\000e\000n\000t\000a\000t\000i\000o\000n\000\040\000s\000t\000a\000t\000u\000s\000\040\000\050\000w\000h\000a\000t\000\040\000i\000s\000\040\000b\000u\000i\000l\000t\000\040\000v\000s\000.\000\040\000w\000h\000a\000t\000\040\000i\000s\000\040\000d\000e\000s\000i\000g\000n\000e\000d\000\051}{table.caption.3}% 27
\BOOKMARK [2][-]{table.caption.19}{\376\377\0003\000.\0001\0000\000\040\000M\000o\000d\000e\000\040\000C\000\040\040\024\000\040\000p\000o\000s\000e\000-\000c\000o\000n\000d\000i\000t\000i\000o\000n\000e\000d\000\040\000d\000r\000i\000v\000i\000n\000g\000-\000v\000i\000d\000e\000o\000\040\000b\000a\000c\000k\000e\000n\000d\000\040\000\050\000t\000w\000o\000\040\000c\000o\000n\000d\000i\000t\000i\000o\000n\000s\000\051}{table.caption.3}% 28
\BOOKMARK [2][-]{figure.caption.20}{\376\377\0003\000.\0001\0001\000\040\000P\000r\000o\000j\000e\000c\000t\000\040\000p\000l\000a\000n\000n\000i\000n\000g\000,\000\040\000m\000i\000l\000e\000s\000t\000o\000n\000e\000s\000\040\000a\000n\000d\000\040\000r\000i\000s\000k\000\040\000m\000a\000n\000a\000g\000e\000m\000e\000n\000t}{table.caption.3}% 29
\BOOKMARK [1][-]{table.caption.23}{\376\377\000C\000h\000a\000p\000t\000e\000r\000\040\0004\000\040\040\024\000\040\000E\000v\000a\000l\000u\000a\000t\000i\000o\000n\000\040\000a\000n\000d\000\040\000R\000e\000s\000u\000l\000t\000s}{toc.0}% 30
\BOOKMARK [2][-]{section*.24}{\376\377\0004\000.\0001\000\040\000A\000i\000m\000s\000\040\000a\000n\000d\000\040\000t\000h\000e\000\040\000m\000e\000a\000n\000i\000n\000g\000\040\000o\000f\000\040\000"\000r\000e\000s\000u\000l\000t\000"\000\040\000i\000n\000\040\000t\000h\000i\000s\000\040\000c\000h\000a\000p\000t\000e\000r}{table.caption.23}% 31
\BOOKMARK [2][-]{section*.24}{\376\377\0004\000.\0002\000\040\000E\000v\000a\000l\000u\000a\000t\000i\000o\000n\000\040\000s\000t\000a\000t\000u\000s\000\040\000a\000t\000\040\000a\000\040\000g\000l\000a\000n\000c\000e}{table.caption.23}% 32
\BOOKMARK [2][-]{table.caption.26}{\376\377\0004\000.\0003\000\040\000E\000x\000p\000e\000r\000i\000m\000e\000n\000t\000\040\0001\000\040\040\024\000\040\000S\000c\000h\000e\000m\000a\000\040\000s\000m\000o\000k\000e\000\040\000t\000e\000s\000t}{table.caption.23}% 33
\BOOKMARK [2][-]{table.caption.28}{\376\377\0004\000.\0004\000\040\000E\000x\000p\000e\000r\000i\000m\000e\000n\000t\000\040\0002\000\040\040\024\000\040\000K\000e\000y\000f\000r\000a\000m\000e\000\040\000g\000e\000n\000e\000r\000a\000t\000i\000o\000n\000\040\000a\000t\000t\000e\000m\000p\000t\000s}{table.caption.23}% 34
\BOOKMARK [2][-]{table.caption.29}{\376\377\0004\000.\0005\000\040\000E\000x\000p\000e\000r\000i\000m\000e\000n\000t\000\040\0003\000\040\040\024\000\040\000K\000l\000i\000n\000g\000\040\000I\0002\000V\000\040\000c\000l\000i\000p\000\040\000r\000e\000s\000u\000l\000t\000s}{table.caption.23}% 35
\BOOKMARK [2][-]{table.caption.30}{\376\377\0004\000.\0006\000\040\000E\000n\000d\000-\000t\000o\000-\000e\000n\000d\000\040\000a\000s\000s\000e\000m\000b\000l\000y\000\040\000r\000e\000s\000u\000l\000t}{table.caption.23}% 36
\BOOKMARK [2][-]{table.caption.31}{\376\377\0004\000.\0007\000\040\000V\000e\000r\000i\000f\000i\000e\000d\000\040\000r\000e\000s\000u\000l\000t\000:\000\040\000h\000u\000m\000a\000n\000\040\000v\000i\000s\000u\000a\000l\000\040\000r\000e\000v\000i\000e\000w\000\040\000+\000\040\000s\000u\000c\000c\000e\000s\000s\000f\000u\000l\000\040\000e\000n\000d\000-\000t\000o\000-\000e\000n\000d\000\040\000g\000e\000n\000e\000r\000a\000t\000i\000o\000n}{table.caption.23}% 37
\BOOKMARK [2][-]{table.caption.31}{\376\377\0004\000.\0008\000\040\000E\000v\000a\000l\000u\000a\000t\000i\000o\000n\000\040\000m\000e\000t\000r\000i\000c\000s\000:\000\040\000p\000o\000s\000t\000-\000h\000o\000c\000\040\000i\000d\000e\000n\000t\000i\000t\000y\000\040\000d\000i\000a\000g\000n\000o\000s\000t\000i\000c\000\040\000a\000n\000d\000\040\000p\000e\000n\000d\000i\000n\000g\000\040\000s\000c\000o\000r\000e\000s}{table.caption.23}% 38
\BOOKMARK [2][-]{table.caption.33}{\376\377\0004\000.\0009\000\040\000R\000e\000p\000a\000i\000r\000-\000l\000o\000o\000p\000\040\000c\000o\000m\000p\000a\000r\000i\000s\000o\000n\000:\000\040\000l\000o\000g\000\040\000r\000e\000c\000o\000n\000s\000t\000r\000u\000c\000t\000i\000o\000n\000\040\000a\000n\000d\000\040\000p\000l\000a\000n\000n\000e\000d\000\040\000c\000o\000n\000t\000r\000o\000l\000l\000e\000d\000\040\000a\000b\000l\000a\000t\000i\000o\000n}{table.caption.23}% 39
\BOOKMARK [2][-]{table.caption.35}{\376\377\0004\000.\0001\0000\000\040\000A\000u\000t\000o\000m\000a\000t\000e\000d\000\040\000s\000c\000o\000r\000i\000n\000g\000\040\000s\000t\000a\000t\000u\000s\000\040\000f\000o\000r\000\040\000l\000i\000v\000e\000\137\000t\000e\000s\000t\000\137\0000\0003\000\137\0004\000s\000h\000o\000t\000s}{table.caption.23}% 40
\BOOKMARK [2][-]{table.caption.35}{\376\377\0004\000.\0001\0001\000\040\000R\000e\000f\000e\000r\000e\000n\000c\000e\000\040\000p\000o\000s\000e\000-\000e\000x\000t\000r\000a\000c\000t\000i\000o\000n\000\040\000q\000u\000a\000l\000i\000t\000y\000\040\000a\000n\000d\000\040\000g\000r\000a\000d\000e\000d\000\040\000s\000t\000r\000u\000c\000t\000u\000r\000a\000l\000\040\000g\000u\000i\000d\000a\000n\000c\000e}{table.caption.23}% 41
\BOOKMARK [2][-]{figure.caption.40}{\376\377\0004\000.\0001\0002\000\040\000C\000o\000m\000p\000l\000e\000m\000e\000n\000t\000a\000r\000y\000\040\000s\000t\000r\000e\000e\000t\000-\000s\000c\000e\000n\000e\000\040\000r\000u\000n\000s\000:\000\040\000s\000c\000e\000n\000e\000-\000p\000a\000c\000k\000a\000g\000e\000\040\000r\000e\000p\000l\000a\000c\000e\000m\000e\000n\000t\000\040\000a\000n\000d\000\040\000a\000r\000c\000h\000i\000v\000e\000d\000\040\000p\000o\000s\000e\000-\000g\000u\000i\000d\000a\000n\000c\000e\000\040\000b\000r\000a\000n\000c\000h}{table.caption.23}% 42
\BOOKMARK [2][-]{figure.caption.41}{\376\377\0004\000.\0001\0003\000\040\000M\000o\000t\000i\000o\000n\000-\000e\000n\000e\000r\000g\000y\000\040\000a\000u\000d\000i\000t\000\040\000o\000f\000\040\000t\000h\000e\000\040\000g\000e\000n\000e\000r\000a\000t\000e\000d\000\040\000c\000l\000i\000p\000s}{table.caption.23}% 43
\BOOKMARK [2][-]{figure.caption.44}{\376\377\0004\000.\0001\0004\000\040\000E\000x\000p\000e\000r\000i\000m\000e\000n\000t\000a\000l\000\040\000d\000e\000v\000e\000l\000o\000p\000m\000e\000n\000t\000\040\000p\000r\000o\000c\000e\000s\000s\000\040\000a\000n\000d\000\040\000n\000e\000g\000a\000t\000i\000v\000e\000\040\000r\000e\000s\000u\000l\000t\000s}{table.caption.23}% 44
\BOOKMARK [2][-]{table.caption.45}{\376\377\0004\000.\0001\0005\000\040\000L\000i\000m\000i\000t\000a\000t\000i\000o\000n\000s\000\040\000a\000n\000d\000\040\000t\000h\000r\000e\000a\000t\000s\000\040\000t\000o\000\040\000v\000a\000l\000i\000d\000i\000t\000y}{table.caption.23}% 45
\BOOKMARK [2][-]{Item.27}{\376\377\0004\000.\0001\0006\000\040\000S\000u\000m\000m\000a\000r\000y}{table.caption.23}% 46
\BOOKMARK [2][-]{Item.27}{\376\377\0004\000.\0001\0007\000\040\000M\000o\000d\000e\000\040\000C\000\040\040\024\000\040\000d\000r\000i\000v\000i\000n\000g\000-\000v\000i\000d\000e\000o\000\040\000b\000a\000c\000k\000e\000n\000d\000:\000\040\000C\000o\000n\000d\000i\000t\000i\000o\000n\000\040\000A\000\040\000f\000e\000a\000s\000i\000b\000i\000l\000i\000t\000y\000\040\000\050\000E\000x\000e\000c\000u\000t\000e\000d\000\051\000,\000\040\000C\000o\000n\000d\000i\000t\000i\000o\000n\000\040\000B\000\040\000\050\000p\000l\000a\000n\000n\000e\000d\000\051}{table.caption.23}% 47
\BOOKMARK [2][-]{figure.caption.47}{\376\377\0004\000.\0001\0008\000\040\000H\000o\000s\000t\000e\000d\000-\000s\000e\000r\000v\000i\000c\000e\000\040\000c\000o\000m\000p\000a\000r\000i\000s\000o\000n\000:\000\040\000i\000m\000p\000l\000i\000c\000i\000t\000\040\000c\000o\000n\000t\000r\000o\000l\000\040\000v\000e\000r\000s\000u\000s\000\040\000t\000h\000e\000\040\000e\000x\000p\000l\000i\000c\000i\000t\000\040\000p\000i\000p\000e\000l\000i\000n\000e}{table.caption.23}% 48
\BOOKMARK [1][-]{figure.caption.49}{\376\377\000C\000h\000a\000p\000t\000e\000r\000\040\0005\000\040\040\024\000\040\000P\000r\000o\000f\000e\000s\000s\000i\000o\000n\000a\000l\000\040\000a\000n\000d\000\040\000E\000t\000h\000i\000c\000a\000l\000\040\000C\000o\000n\000s\000i\000d\000e\000r\000a\000t\000i\000o\000n\000s}{toc.0}% 49
\BOOKMARK [2][-]{section*.50}{\376\377\0005\000.\0001\000\040\000C\000o\000p\000y\000r\000i\000g\000h\000t\000\040\000a\000n\000d\000\040\000t\000h\000e\000\040\000e\000x\000t\000r\000a\000c\000t\000-\000s\000t\000r\000u\000c\000t\000u\000r\000e\000\040\000p\000r\000i\000n\000c\000i\000p\000l\000e}{figure.caption.49}% 50
\BOOKMARK [2][-]{section*.50}{\376\377\0005\000.\0002\000\040\000S\000y\000n\000t\000h\000e\000t\000i\000c\000\040\000m\000e\000d\000i\000a\000,\000\040\000l\000i\000k\000e\000n\000e\000s\000s\000\040\000a\000n\000d\000\040\000p\000e\000r\000s\000o\000n\000\040\000r\000e\000p\000l\000a\000c\000e\000m\000e\000n\000t}{figure.caption.49}% 51
\BOOKMARK [2][-]{section*.50}{\376\377\0005\000.\0003\000\040\000D\000a\000t\000a\000\040\000a\000n\000d\000\040\000c\000o\000n\000s\000e\000n\000t}{figure.caption.49}% 52
\BOOKMARK [2][-]{section*.50}{\376\377\0005\000.\0004\000\040\000H\000o\000n\000e\000s\000t\000y\000,\000\040\000r\000e\000p\000r\000o\000d\000u\000c\000i\000b\000i\000l\000i\000t\000y\000\040\000a\000n\000d\000\040\000p\000r\000o\000f\000e\000s\000s\000i\000o\000n\000a\000l\000\040\000p\000r\000a\000c\000t\000i\000c\000e}{figure.caption.49}% 53
\BOOKMARK [2][-]{section*.50}{\376\377\0005\000.\0005\000\040\000E\000n\000v\000i\000r\000o\000n\000m\000e\000n\000t\000a\000l\000\040\000a\000n\000d\000\040\000c\000o\000s\000t\000\040\000c\000o\000n\000s\000i\000d\000e\000r\000a\000t\000i\000o\000n\000s}{figure.caption.49}% 54
\BOOKMARK [1][-]{section*.50}{\376\377\000C\000h\000a\000p\000t\000e\000r\000\040\0006\000\040\040\024\000\040\000C\000o\000n\000c\000l\000u\000s\000i\000o\000n\000\040\000a\000n\000d\000\040\000F\000u\000t\000u\000r\000e\000\040\000W\000o\000r\000k}{toc.0}% 55
\BOOKMARK [2][-]{section*.51}{\376\377\0006\000.\0001\000\040\000S\000u\000m\000m\000a\000r\000y}{section*.50}% 56
\BOOKMARK [2][-]{section*.51}{\376\377\0006\000.\0002\000\040\000W\000h\000a\000t\000\040\000t\000h\000e\000\040\000e\000v\000a\000l\000u\000a\000t\000i\000o\000n\000\040\000s\000h\000o\000w\000e\000d}{section*.50}% 57
\BOOKMARK [2][-]{section*.51}{\376\377\0006\000.\0003\000\040\000R\000e\000f\000l\000e\000c\000t\000i\000o\000n\000:\000\040\000n\000e\000g\000a\000t\000i\000v\000e\000\040\000r\000e\000s\000u\000l\000t\000s\000\040\000a\000s\000\040\000f\000i\000n\000d\000i\000n\000g\000s}{section*.50}% 58
\BOOKMARK [2][-]{section*.51}{\376\377\0006\000.\0004\000\040\000L\000i\000m\000i\000t\000a\000t\000i\000o\000n\000s}{section*.50}% 59
\BOOKMARK [2][-]{section*.51}{\376\377\0006\000.\0005\000\040\000F\000u\000t\000u\000r\000e\000\040\000w\000o\000r\000k}{section*.50}% 60
\BOOKMARK [2][-]{section*.51}{\376\377\0006\000.\0006\000\040\000C\000l\000o\000s\000i\000n\000g}{section*.50}% 61
\BOOKMARK [1][-]{section*.51}{\376\377\000R\000e\000f\000e\000r\000e\000n\000c\000e\000s}{toc.0}% 62
\BOOKMARK [1][-]{section*.51}{\376\377\000A\000p\000p\000e\000n\000d\000i\000x\000\040\000A\000\040\040\024\000\040\000R\000e\000s\000u\000l\000t\000s\000\040\000S\000h\000o\000w\000c\000a\000s\000e}{toc.0}% 63
\BOOKMARK [2][-]{section*.52}{\376\377\000A\000.\0001\000\040\000E\000n\000d\000-\000t\000o\000-\000e\000n\000d\000\040\000o\000u\000t\000p\000u\000t\000:\000\040\000t\000h\000e\000\040\000a\000s\000s\000e\000m\000b\000l\000e\000d\000\040\000b\000e\000a\000c\000h\000\040\000s\000h\000o\000r\000t}{section*.51}% 64
\BOOKMARK [2][-]{figure.caption.53}{\376\377\000A\000.\0002\000\040\000A\000p\000p\000r\000o\000v\000e\000d\000\040\000k\000e\000y\000f\000r\000a\000m\000e\000s}{section*.51}% 65
\BOOKMARK [2][-]{figure.caption.54}{\376\377\000A\000.\0003\000\040\000R\000e\000f\000e\000r\000e\000n\000c\000e\000\040\000s\000t\000r\000u\000c\000t\000u\000r\000e\000\040\000v\000s\000.\000\040\000r\000e\000g\000e\000n\000e\000r\000a\000t\000e\000d\000\040\000c\000o\000n\000t\000e\000n\000t}{section*.51}% 66
\BOOKMARK [2][-]{figure.caption.55}{\376\377\000A\000.\0004\000\040\000D\000e\000c\000i\000s\000i\000o\000n\000-\000l\000o\000g\000\040\000e\000x\000c\000e\000r\000p\000t\000\040\000\050\000s\000t\000a\000t\000e\000\040\000f\000i\000l\000e\000\051}{section*.51}% 67
